// Jest Snapshot v1, https://goo.gl/fbAQLP

exports[`Component: <SubTitle /> should render without exploding 1`] = `
<h2>
  What activity are you working on?
</h2>
`;
